{
  "schema": "warroom.v101.shadow_run.v1",
  "generated_at": "2026-07-30T00:03:03.488170Z",
  "created": 0,
  "created_rows": [],
  "skipped": [],
  "verification": {
    "schema": "warroom.v95.shadow_ledger_verification.v1",
    "valid": true,
    "rows": 36,
    "forecasts": 12,
    "order_intents": 12,
    "shadow_fills": 12,
    "outcomes": 0,
    "last_hash": "e39b3a9d7dadfbce88d02d27288c58d7fd443e37411bed42c38a92c5c43d3f2a",
    "errors": [],
    "capital_permission": "BLOCKED"
  },
  "ledger": "runtime\\v101_shadow\\shadow_ledger.jsonl",
  "claim_limit": "Prospective shadow simulation only; not live performance."
}
